// Jest Snapshot v1, https://goo.gl/fbAQLP

exports[`Storyshots Sample Form sample 1`] = `
<div
  data-css-claeju=""
>
  <div
    style={
      Object {
        "padding": "24px",
        "width": "50%",
      }
    }
  >
    <div
      style={
        Object {
          "border": "1px solid blue",
        }
      }
    >
      <div
        data-css-15rjys7=""
      >
        <div
          data-css-4l6uky=""
        >
          <h2
            data-css-10w3axr=""
            size="large"
            style={
              Object {
                "width": "100%",
              }
            }
          >
            Sample form
          </h2>
        </div>
        <div
          data-css-4l6uky=""
        >
          <label
            data-css-w0yocm=""
            style={
              Object {
                "width": "100%",
              }
            }
          >
            <div
              data-css-n53zhn=""
            >
              Name
            </div>
            <div
              data-css-1r967oi=""
            >
              <div
                data-css-1xm24a9=""
              >
                <input
                  data-css-ly16us=""
                  disabled={false}
                  placeholder="What's your name?"
                />
              </div>
            </div>
          </label>
        </div>
        <div
          data-css-4l6uky=""
        >
          <label
            data-css-w0yocm=""
            style={
              Object {
                "width": "100%",
              }
            }
          >
            <div
              data-css-n53zhn=""
            >
              Alias
            </div>
            <div
              data-css-1r967oi=""
            >
              <div
                data-css-1xm24a9=""
              >
                <input
                  data-css-ly16us=""
                  disabled={false}
                  placeholder="Do you have a nick name?"
                />
              </div>
            </div>
            <div
              data-css-1de0a6a=""
            >
              *Optional
            </div>
          </label>
        </div>
        <div
          data-css-4l6uky=""
        >
          <label
            data-css-w0yocm=""
            style={
              Object {
                "width": "100%",
              }
            }
          >
            <div
              data-css-n53zhn=""
            >
              Email address
            </div>
            <div
              data-css-1r967oi=""
            >
              <div
                data-css-utxo7p=""
              >
                <input
                  data-css-ly16us=""
                  disabled={false}
                  value="steve@example.com"
                />
              </div>
              <div
                data-css-loo18p=""
              >
                <div
                  data-css-otejxm=""
                >
                  <svg
                    aria-label="warning icon"
                    role="img"
                    viewBox="0 0 24 24"
                    xmlns="http://www.w3.org/2000/svg"
                  >
                    <path
                      d="M2,12 C2,6.48608696 6.48608696,2 12,2 C17.513913,2 22,6.48608696 22,12 C22,17.513913 17.513913,22 12,22 C6.48608696,22 2,17.513913 2,12 Z M4,12 C4,16.4111304 7.58886957,20 12,20 C16.4111304,20 20,16.4111304 20,12 C20,7.58886957 16.4111304,4 12,4 C7.58886957,4 4,7.58886957 4,12 Z M12.5,18 L11.5,18 C11.2238576,18 11,17.7761424 11,17.5 L11,16.5 C11,16.2238576 11.2238576,16 11.5,16 L12.5,16 C12.7761424,16 13,16.2238576 13,16.5 L13,17.5 C13,17.7761424 12.7761424,18 12.5,18 Z M12.5,14 L11.5,14 C11.2238576,14 11,13.7761424 11,13.5 L11,7 C11,6.72385763 11.2238576,6.5 11.5,6.5 L12.5,6.5 C12.7761424,6.5 13,6.72385763 13,7 L13,13.5 C13,13.7761424 12.7761424,14 12.5,14 Z"
                    />
                  </svg>
                </div>
              </div>
            </div>
            <div
              data-css-1de0a6a=""
            >
              Not a valid email address
            </div>
          </label>
        </div>
        <div
          data-css-4l6uky=""
        >
          <label
            data-css-1hniuff=""
            onKeyDown={[Function]}
            style={
              Object {
                "width": "100%",
              }
            }
          >
            <div
              data-css-n53zhn=""
            >
              Occupation
            </div>
            <div
              data-css-1812rv9=""
            >
              <div
                data-css-1xm24a9=""
              >
                <div
                  data-css-1r44zeb=""
                >
                  <button
                    data-css-8bndf1=""
                    disabled={false}
                    onBlur={[Function]}
                    onClick={[Function]}
                    onFocus={[Function]}
                  >
                    <span
                      aria-hidden={true}
                      data-css-e6fvyw=""
                    >
                      Select your occupation...
                    </span>
                    <span
                      data-css-5m5yd6=""
                    >
                      Select your occupation...
                    </span>
                  </button>
                  <div
                    data-css-cstzed=""
                  >
                    <div
                      data-css-otejxm=""
                    >
                      <svg
                        aria-label="caret down icon"
                        role="img"
                        viewBox="0 0 24 24"
                        xmlns="http://www.w3.org/2000/svg"
                      >
                        <path
                          d="M12.5 14L8 10h9z"
                        />
                      </svg>
                    </div>
                  </div>
                </div>
              </div>
            </div>
          </label>
        </div>
        <div
          data-css-4l6uky=""
        >
          <div
            style={
              Object {
                "display": "flex",
                "width": "100%",
              }
            }
          >
            <div
              data-css-480533=""
            >
              <a
                data-css-1avozw2=""
                href="http://google.com"
              >
                <span
                  data-css-1997kh1=""
                >
                  Foo
                </span>
              </a>
            </div>
            <span
              style={
                Object {
                  "marginRight": "8px",
                }
              }
            />
            <div
              data-css-480533=""
            >
              <a
                data-css-1avozw2=""
                href="http://google.com"
              >
                <span
                  data-css-1997kh1=""
                >
                  Bar
                </span>
              </a>
            </div>
            <span
              style={
                Object {
                  "marginRight": "8px",
                }
              }
            />
            <div
              data-css-480533=""
            >
              <a
                data-css-1avozw2=""
                href="http://google.com"
              >
                <span
                  data-css-1997kh1=""
                >
                  Baz
                </span>
              </a>
            </div>
          </div>
        </div>
        <div
          data-css-4l6uky=""
        >
          <label
            data-css-w0yocm=""
            onBlur={[Function]}
            onFocus={[Function]}
            onKeyDown={[Function]}
            style={
              Object {
                "width": "100%",
              }
            }
          >
            <div
              data-css-n53zhn=""
            >
              Choose a Date
            </div>
            <div
              data-css-1xm24a9=""
            >
              <div
                data-css-17azrqv=""
              >
                <input
                  data-css-baao50=""
                  disabled={false}
                  name="mm"
                  onBlur={[Function]}
                  onChange={[Function]}
                  onFocus={[Function]}
                  placeholder="mm"
                  style={
                    Object {
                      "width": "32px",
                    }
                  }
                  value=""
                />
                <span
                  data-css-vk5b0l=""
                >
                  /
                </span>
                <input
                  data-css-baao50=""
                  disabled={false}
                  name="dd"
                  onBlur={[Function]}
                  onChange={[Function]}
                  onFocus={[Function]}
                  placeholder="dd"
                  style={
                    Object {
                      "width": "28px",
                    }
                  }
                  value=""
                />
                <span
                  data-css-vk5b0l=""
                >
                  /
                </span>
                <input
                  data-css-baao50=""
                  disabled={false}
                  name="yyyy"
                  onBlur={[Function]}
                  onChange={[Function]}
                  onFocus={[Function]}
                  placeholder="yyyy"
                  style={
                    Object {
                      "width": "50px",
                    }
                  }
                  value=""
                />
                <input
                  data-css-gyrv08=""
                  disabled={false}
                  onBlur={[Function]}
                  onFocus={[Function]}
                  readOnly={true}
                  tabIndex="-1"
                />
                <button
                  data-css-a5xmu1=""
                  disabled={false}
                  onClick={[Function]}
                >
                  <div
                    data-css-otejxm=""
                  >
                    <svg
                      aria-label="calendar icon"
                      role="img"
                      viewBox="0 0 24 24"
                      xmlns="http://www.w3.org/2000/svg"
                    >
                      <path
                        d="M8,7 L4,7 L4,10 L20,10 L20,7 L16,7 L16,8.5 C16,8.77614237 15.7761424,9 15.5,9 L14.5,9 C14.2238576,9 14,8.77614237 14,8.5 L14,7 L10,7 L10,8.5 C10,8.77614237 9.77614237,9 9.5,9 L8.5,9 C8.22385763,9 8,8.77614237 8,8.5 L8,7 Z M10,5 L14,5 L14,3.5 C14,3.22385763 14.2238576,3 14.5,3 L15.5,3 C15.7761424,3 16,3.22385763 16,3.5 L16,5 L21,5 C21.5522847,5 22,5.44771525 22,6 L22,20 C22,20.5522847 21.5522847,21 21,21 L3,21 C2.44771525,21 2,20.5522847 2,20 L2,6 C2,5.44771525 2.44771525,5 3,5 L8,5 L8,3.5 C8,3.22385763 8.22385763,3 8.5,3 L9.5,3 C9.77614237,3 10,3.22385763 10,3.5 L10,5 Z M20,12 L4,12 L4,19 L20,19 L20,12 Z M5,13 L7,13 L7,15 L5,15 L5,13 Z M5,16 L7,16 L7,18 L5,18 L5,16 Z M8,13 L10,13 L10,15 L8,15 L8,13 Z M8,16 L10,16 L10,18 L8,18 L8,16 Z M11,13 L13,13 L13,15 L11,15 L11,13 Z M11,16 L13,16 L13,18 L11,18 L11,16 Z M14,13 L16,13 L16,15 L14,15 L14,13 Z M14,16 L16,16 L16,18 L14,18 L14,16 Z M17,13 L19,13 L19,15 L17,15 L17,13 Z M17,16 L19,16 L19,18 L17,18 L17,16 Z"
                      />
                    </svg>
                  </div>
                </button>
              </div>
            </div>
          </label>
        </div>
        <div
          data-css-4l6uky=""
        >
          <label
            data-css-kn3wr0=""
            onClick={[Function]}
            onKeyDown={[Function]}
          >
            <div
              data-css-vzrwad=""
            >
              <div
                aria-checked={true}
                data-css-1erplld=""
                role="checkbox"
                tabIndex="0"
              >
                <svg
                  aria-label="Checkmark"
                  data-css-a3uikz=""
                  role="img"
                  version="1.1"
                  viewBox="0 0 16 16"
                  xmlns="http://www.w3.org/2000/svg"
                >
                  <polygon
                    points="6.89667458 13 2.62114014 8.72446556 4.12826603 7.21733967 6.89667458 9.97505938 12.871734 4 14.3788599 5.51781473"
                  />
                </svg>
              </div>
            </div>
            <input
              checked={true}
              data-css-gyrv08=""
              readOnly={true}
              tabIndex="-1"
              type="checkbox"
              value="someVal"
            />
            <div
              data-css-pgc406=""
            >
              Checkbox selected
            </div>
          </label>
        </div>
        <div
          data-css-4l6uky=""
        >
          <div
            data-css-gdknmt=""
          />
        </div>
        <div
          data-css-4l6uky=""
        >
          <div
            data-css-1a26704=""
            onFocus={[Function]}
            onKeyDown={[Function]}
            role="radiogroup"
            tabIndex="0"
          >
            <div
              data-css-xp79s5=""
            >
              <label
                data-css-kn3wr0=""
                onClick={[Function]}
              >
                <div
                  data-css-480533=""
                >
                  <div
                    aria-checked={false}
                    data-css-dbvyuf=""
                    onFocus={[Function]}
                    role="radio"
                    tabIndex="-1"
                  />
                </div>
                <input
                  checked={false}
                  data-css-gyrv08=""
                  readOnly={true}
                  tabIndex="-1"
                  type="radio"
                  value="full"
                />
                <div
                  data-css-pgc406=""
                >
                  Full-time employement
                </div>
              </label>
            </div>
            <div
              data-css-xp79s5=""
            >
              <label
                data-css-kn3wr0=""
                onClick={[Function]}
              >
                <div
                  data-css-480533=""
                >
                  <div
                    aria-checked={false}
                    data-css-dbvyuf=""
                    onFocus={[Function]}
                    role="radio"
                    tabIndex="-1"
                  />
                </div>
                <input
                  checked={false}
                  data-css-gyrv08=""
                  readOnly={true}
                  tabIndex="-1"
                  type="radio"
                  value="part"
                />
                <div
                  data-css-pgc406=""
                >
                  Part-time employement
                </div>
              </label>
            </div>
          </div>
        </div>
        <div
          data-css-4l6uky=""
        >
          <div
            data-css-gdknmt=""
          />
        </div>
        <div
          data-css-4l6uky=""
        >
          <button
            aria-checked={false}
            data-css-1fg1tn7=""
            onBlur={[Function]}
            onClick={[Function]}
            onFocus={[Function]}
            role="checkbox"
            style={
              Object {
                "width": "100%",
              }
            }
            tabIndex="0"
          >
            <div
              data-css-480533=""
            >
              <div
                data-css-1rncajx=""
              >
                <div
                  data-css-1nqr5a6=""
                />
              </div>
            </div>
            <input
              checked={false}
              data-css-6wu9td=""
              readOnly={true}
              tabIndex="-1"
              type="checkbox"
            />
            <label
              data-css-1wrf03j=""
            >
              toggle
            </label>
          </button>
        </div>
        <div
          data-css-4l6uky=""
        >
          <div
            data-css-gdknmt=""
          />
        </div>
        <div
          data-css-4l6uky=""
        >
          <label
            data-css-1p1sjwu=""
            style={
              Object {
                "width": "100%",
              }
            }
          >
            <div
              data-css-1j9p7fe=""
            >
              Comment
            </div>
            <div
              data-css-1ghdxx6=""
            >
              <div
                data-css-1xm24a9=""
              >
                <textarea
                  data-css-1vpjki6=""
                  disabled={false}
                  placeholder="Anything else to report?"
                  rows={4}
                  style={
                    Object {
                      "height": 112,
                    }
                  }
                />
              </div>
            </div>
          </label>
        </div>
        <div
          data-css-4l6uky=""
        >
          <div
            data-css-1cqgl9p=""
          >
            <div
              data-css-7d5932=""
            >
              <button
                data-css-1srt63x=""
                disabled={false}
                style={Object {}}
              >
                <span
                  data-css-15b13by=""
                >
                  Save
                </span>
              </button>
            </div>
            <div
              data-css-7d5932=""
            >
              <button
                data-css-mtq3v8=""
                disabled={false}
                style={Object {}}
              >
                <span
                  data-css-15b13by=""
                >
                  Cancel
                </span>
              </button>
            </div>
          </div>
        </div>
      </div>
    </div>
  </div>
</div>
`;
