// Jest Snapshot v1, https://goo.gl/fbAQLP

exports[`Storyshots ScreenReaderOnly basic 1`] = `
<div>
  <p>
    There is some hidden text on this page. Try to find it with a screen reader
  </p>
  <div
    data-css-s2krq8=""
  >
    content only for screen readers
  </div>
</div>
`;
