// Jest Snapshot v1, https://goo.gl/fbAQLP

exports[`renders correctly 1`] = `
<button
  className="css-gs8szy"
  disabled={false}
>
  <span>
    Label
  </span>
</button>
`;
