// Jest Snapshot v1, https://goo.gl/fbAQLP

exports[`Storyshots Components/MultiSelectField Basic 1`] = `
<div
  style={
    Object {
      "maxWidth": "400px",
    }
  }
>
  <div
    data-css-w0yocm=""
    onClick={[Function]}
  >
    <label
      data-css-ep1lt2=""
      htmlFor="downshift-0-input"
      id="downshift-0-label"
    >
      Multi select field label
    </label>
    <div
      data-css-63oe3q=""
      data-css-8qmpxt=""
    >
      <div
        data-css-1268me8=""
        data-css-1q3e54w=""
        data-css-ibnu75=""
      >
        <div
          aria-expanded={false}
          aria-haspopup="listbox"
          aria-owns="downshift-0-menu"
          data-css-1ecjssy=""
          role="combobox"
        >
          <div
            data-css-lxaqlq=""
            onClick={[Function]}
            onKeyDown={[Function]}
            tabIndex={-1}
          >
            <div
              data-css-1djcb20=""
            >
              <div
                aria-pressed={true}
                data-css-146no9u=""
              >
                <span
                  data-css-13bnfv4=""
                >
                  Hydrogen
                </span>
                <div
                  data-css-1gzzcm2=""
                  onClick={[Function]}
                  style={
                    Object {
                      "cursor": "pointer",
                    }
                  }
                >
                  <svg
                    aria-label="close icon"
                    role="img"
                    viewBox="0 0 24 24"
                  >
                    <path
                      d="M17.646 7.056l-.702-.702a.5.5 0 00-.708 0L12 10.59 7.764 6.354a.5.5 0 00-.708 0l-.702.702a.5.5 0 000 .708L10.59 12l-4.236 4.236a.5.5 0 000 .707l.702.703a.5.5 0 00.708 0L12 13.41l4.236 4.236a.5.5 0 00.708 0l.702-.703a.5.5 0 000-.707L13.41 12l4.236-4.236a.5.5 0 000-.708z"
                    />
                  </svg>
                </div>
              </div>
            </div>
          </div>
          <div
            data-css-lxaqlq=""
            onClick={[Function]}
            onKeyDown={[Function]}
            tabIndex={-1}
          >
            <div
              data-css-1djcb20=""
            >
              <div
                aria-pressed={true}
                data-css-146no9u=""
              >
                <span
                  data-css-13bnfv4=""
                >
                  Beryllium
                </span>
                <div
                  data-css-1gzzcm2=""
                  onClick={[Function]}
                  style={
                    Object {
                      "cursor": "pointer",
                    }
                  }
                >
                  <svg
                    aria-label="close icon"
                    role="img"
                    viewBox="0 0 24 24"
                  >
                    <path
                      d="M17.646 7.056l-.702-.702a.5.5 0 00-.708 0L12 10.59 7.764 6.354a.5.5 0 00-.708 0l-.702.702a.5.5 0 000 .708L10.59 12l-4.236 4.236a.5.5 0 000 .707l.702.703a.5.5 0 00.708 0L12 13.41l4.236 4.236a.5.5 0 00.708 0l.702-.703a.5.5 0 000-.707L13.41 12l4.236-4.236a.5.5 0 000-.708z"
                    />
                  </svg>
                </div>
              </div>
            </div>
          </div>
          <div
            data-css-lxaqlq=""
            data-css-n9fe5c=""
          >
            <input
              aria-autocomplete="list"
              aria-controls="downshift-0-menu"
              aria-labelledby="downshift-0-label"
              autoComplete="off"
              data-css-1mt6ivr=""
              data-css-1na6nif=""
              id="downshift-0-input"
              onBlur={[Function]}
              onChange={[Function]}
              onClick={[Function]}
              onFocus={[Function]}
              onKeyDown={[Function]}
              placeholder="Search..."
              type="text"
              value=""
            />
          </div>
        </div>
        <div
          data-css-n5p4fh=""
        >
          <div
            data-css-3feg78=""
          >
            <div
              data-css-7dab2f=""
            >
              <svg
                aria-label="caret down icon"
                role="img"
                viewBox="0 0 24 24"
              >
                <path
                  d="M12 15.41l-5-5L8.41 9 12 12.58 15.59 9 17 10.41"
                />
              </svg>
            </div>
          </div>
        </div>
      </div>
    </div>
    <div
      data-css-1s76hio=""
    >
      Multi select field sublabel
    </div>
  </div>
  <div
    style={
      Object {
        "border": "2px dashed pink",
        "display": "none",
        "margin": "20px 0",
        "maxHeight": 200,
        "overflow": "scroll",
        "padding": 20,
      }
    }
  >
    <ul
      aria-labelledby="downshift-0-label"
      id="downshift-0-menu"
      onMouseLeave={[Function]}
      role="listbox"
    >
      <li
        aria-selected="true"
        data-css-18r8zwc=""
        id="downshift-0-item-0"
        onClick={[Function]}
        onMouseMove={[Function]}
        role="option"
      >
        <span>
          Helium
           
        </span>
      </li>
      <li
        aria-selected="false"
        data-css-1gkxtmt=""
        id="downshift-0-item-1"
        onClick={[Function]}
        onMouseMove={[Function]}
        role="option"
      >
        <span>
          Lithium
           
        </span>
      </li>
      <li
        aria-selected="false"
        data-css-1gkxtmt=""
        id="downshift-0-item-2"
        onClick={[Function]}
        onMouseMove={[Function]}
        role="option"
      >
        <span>
          Boron
           
        </span>
      </li>
      <li
        aria-selected="false"
        data-css-1gkxtmt=""
        id="downshift-0-item-3"
        onClick={[Function]}
        onMouseMove={[Function]}
        role="option"
      >
        <span>
          Carbon
           
        </span>
      </li>
      <li
        aria-selected="false"
        data-css-1gkxtmt=""
        id="downshift-0-item-4"
        onClick={[Function]}
        onMouseMove={[Function]}
        role="option"
      >
        <span>
          Nitrogren
           
        </span>
      </li>
      <li
        aria-selected="false"
        data-css-1gkxtmt=""
        id="downshift-0-item-5"
        onClick={[Function]}
        onMouseMove={[Function]}
        role="option"
      >
        <span>
          Oxygen
           
        </span>
      </li>
      <li
        aria-selected="false"
        data-css-1gkxtmt=""
        id="downshift-0-item-6"
        onClick={[Function]}
        onMouseMove={[Function]}
        role="option"
      >
        <span>
          Fluorine
           
        </span>
      </li>
      <li
        aria-selected="false"
        data-css-1gkxtmt=""
        id="downshift-0-item-7"
        onClick={[Function]}
        onMouseMove={[Function]}
        role="option"
      >
        <span>
          Neon
           
        </span>
      </li>
      <li
        aria-selected="false"
        data-css-1gkxtmt=""
        id="downshift-0-item-8"
        onClick={[Function]}
        onMouseMove={[Function]}
        role="option"
      >
        <span>
          Sodium
           
        </span>
      </li>
      <li
        aria-selected="false"
        data-css-1gkxtmt=""
        id="downshift-0-item-9"
        onClick={[Function]}
        onMouseMove={[Function]}
        role="option"
      >
        <span>
          Magnesium
           
        </span>
      </li>
      <li
        aria-selected="false"
        data-css-1gkxtmt=""
        id="downshift-0-item-10"
        onClick={[Function]}
        onMouseMove={[Function]}
        role="option"
      >
        <span>
          Aluminum
           
        </span>
      </li>
      <li
        aria-selected="false"
        data-css-1gkxtmt=""
        id="downshift-0-item-11"
        onClick={[Function]}
        onMouseMove={[Function]}
        role="option"
      >
        <span>
          Silicon
           
        </span>
      </li>
      <li
        aria-selected="false"
        data-css-1gkxtmt=""
        id="downshift-0-item-12"
        onClick={[Function]}
        onMouseMove={[Function]}
        role="option"
      >
        <span>
          Phosphorus
           
        </span>
      </li>
      <li
        aria-selected="false"
        data-css-1gkxtmt=""
        id="downshift-0-item-13"
        onClick={[Function]}
        onMouseMove={[Function]}
        role="option"
      >
        <span>
          Sulfur
           
        </span>
      </li>
      <li
        aria-selected="false"
        data-css-1gkxtmt=""
        id="downshift-0-item-14"
        onClick={[Function]}
        onMouseMove={[Function]}
        role="option"
      >
        <span>
          Chlorine
           
        </span>
      </li>
      <li
        aria-selected="false"
        data-css-1gkxtmt=""
        id="downshift-0-item-15"
        onClick={[Function]}
        onMouseMove={[Function]}
        role="option"
      >
        <span>
          Argon
           
        </span>
      </li>
      <li
        aria-selected="false"
        data-css-1gkxtmt=""
        id="downshift-0-item-16"
        onClick={[Function]}
        onMouseMove={[Function]}
        role="option"
      >
        <span>
          Potassium
           
        </span>
      </li>
      <li
        aria-selected="false"
        data-css-1gkxtmt=""
        id="downshift-0-item-17"
        onClick={[Function]}
        onMouseMove={[Function]}
        role="option"
      >
        <span>
          Calcium
           
        </span>
      </li>
      <li
        aria-selected="false"
        data-css-1gkxtmt=""
        id="downshift-0-item-18"
        onClick={[Function]}
        onMouseMove={[Function]}
        role="option"
      >
        <span>
          Scandium
           
        </span>
      </li>
      <li
        aria-selected="false"
        data-css-1gkxtmt=""
        id="downshift-0-item-19"
        onClick={[Function]}
        onMouseMove={[Function]}
        role="option"
      >
        <span>
          Titanium
           
        </span>
      </li>
      <li
        aria-selected="false"
        data-css-1gkxtmt=""
        id="downshift-0-item-20"
        onClick={[Function]}
        onMouseMove={[Function]}
        role="option"
      >
        <span>
          Vanadium
           
        </span>
      </li>
      <li
        aria-selected="false"
        data-css-1gkxtmt=""
        id="downshift-0-item-21"
        onClick={[Function]}
        onMouseMove={[Function]}
        role="option"
      >
        <span>
          Chromium
           
        </span>
      </li>
      <li
        aria-selected="false"
        data-css-1gkxtmt=""
        id="downshift-0-item-22"
        onClick={[Function]}
        onMouseMove={[Function]}
        role="option"
      >
        <span>
          Manganese
           
        </span>
      </li>
      <li
        aria-selected="false"
        data-css-1gkxtmt=""
        id="downshift-0-item-23"
        onClick={[Function]}
        onMouseMove={[Function]}
        role="option"
      >
        <span>
          Iron
           
        </span>
      </li>
      <li
        aria-selected="false"
        data-css-1gkxtmt=""
        id="downshift-0-item-24"
        onClick={[Function]}
        onMouseMove={[Function]}
        role="option"
      >
        <span>
          Cobalt
           
        </span>
      </li>
      <li
        aria-selected="false"
        data-css-1gkxtmt=""
        id="downshift-0-item-25"
        onClick={[Function]}
        onMouseMove={[Function]}
        role="option"
      >
        <span>
          Nickel
           
        </span>
      </li>
      <li
        aria-selected="false"
        data-css-1gkxtmt=""
        id="downshift-0-item-26"
        onClick={[Function]}
        onMouseMove={[Function]}
        role="option"
      >
        <span>
          Copper
           
        </span>
      </li>
      <li
        aria-selected="false"
        data-css-1gkxtmt=""
        id="downshift-0-item-27"
        onClick={[Function]}
        onMouseMove={[Function]}
        role="option"
      >
        <span>
          Zinc
           
        </span>
      </li>
      <li
        aria-selected="false"
        data-css-1gkxtmt=""
        id="downshift-0-item-28"
        onClick={[Function]}
        onMouseMove={[Function]}
        role="option"
      >
        <span>
          Gallium
           
        </span>
      </li>
      <li
        aria-selected="false"
        data-css-1gkxtmt=""
        id="downshift-0-item-29"
        onClick={[Function]}
        onMouseMove={[Function]}
        role="option"
      >
        <span>
          Germanium
           
        </span>
      </li>
      <li
        aria-selected="false"
        data-css-1gkxtmt=""
        id="downshift-0-item-30"
        onClick={[Function]}
        onMouseMove={[Function]}
        role="option"
      >
        <span>
          Arsenic
           
        </span>
      </li>
      <li
        aria-selected="false"
        data-css-1gkxtmt=""
        id="downshift-0-item-31"
        onClick={[Function]}
        onMouseMove={[Function]}
        role="option"
      >
        <span>
          Selenium
           
        </span>
      </li>
      <li
        aria-selected="false"
        data-css-1gkxtmt=""
        id="downshift-0-item-32"
        onClick={[Function]}
        onMouseMove={[Function]}
        role="option"
      >
        <span>
          Bromine
           
        </span>
      </li>
      <li
        aria-selected="false"
        data-css-1gkxtmt=""
        id="downshift-0-item-33"
        onClick={[Function]}
        onMouseMove={[Function]}
        role="option"
      >
        <span>
          Krypton
           
        </span>
      </li>
      <li
        aria-selected="false"
        data-css-1gkxtmt=""
        id="downshift-0-item-34"
        onClick={[Function]}
        onMouseMove={[Function]}
        role="option"
      >
        <span>
          Rubidium
           
        </span>
      </li>
      <li
        aria-selected="false"
        data-css-1gkxtmt=""
        id="downshift-0-item-35"
        onClick={[Function]}
        onMouseMove={[Function]}
        role="option"
      >
        <span>
          Strontium
           
        </span>
      </li>
      <li
        aria-selected="false"
        data-css-1gkxtmt=""
        id="downshift-0-item-36"
        onClick={[Function]}
        onMouseMove={[Function]}
        role="option"
      >
        <span>
          Yttrium
           
        </span>
      </li>
      <li
        aria-selected="false"
        data-css-1gkxtmt=""
        id="downshift-0-item-37"
        onClick={[Function]}
        onMouseMove={[Function]}
        role="option"
      >
        <span>
          Zirconium
           
        </span>
      </li>
    </ul>
  </div>
</div>
`;
