// Jest Snapshot v1, https://goo.gl/fbAQLP

exports[`Storyshots InfoState example 1`] = `
<div
  data-css-penpgk=""
>
  <div />
  <h1>
    Heading
  </h1>
  <div>
    Caption
  </div>
  <div>
    [ Actions ]
  </div>
</div>
`;
