// Jest Snapshot v1, https://goo.gl/fbAQLP

exports[`Storyshots components/Scrollable basic 1`] = `null`;

exports[`Storyshots components/Scrollable dynamic sizing 1`] = `null`;

exports[`Storyshots components/Scrollable no scroll needed 1`] = `null`;

exports[`Storyshots components/Scrollable with container padding 1`] = `null`;

exports[`Storyshots components/Scrollable with content padding 1`] = `null`;

exports[`Storyshots components/Scrollable with custom tag 1`] = `null`;
