// Jest Snapshot v1, https://goo.gl/fbAQLP

exports[`Storyshots Navuser states 1`] = `
<div
  style={
    Object {
      "display": "grid",
      "gap": "32px",
      "gridTemplateColumns": "repeat(3, auto)",
      "justifyItems": "center",
    }
  }
>
  <div
    data-css-1ij5lym=""
  >
    <div
      data-css-91smc8=""
    >
      <div
        aria-hidden={true}
        data-css-79vgce=""
      >
        <img
          data-css-d7y6x2=""
          onError={[Function]}
          onLoad={[Function]}
          src="https://en.gravatar.com/userimage/8399312/b15448d840afacd0eb18102baf788255.jpeg?d=https%3A%2F%2Fs3-us-west-2.amazonaws.com%2Fps-cdn%2Fdesign-system%2Fassets%2Ftransparent.gif"
        />
        <div
          data-css-1h1qs66=""
          style={
            Object {
              "backgroundColor": "#D1487B",
            }
          }
        >
          :)
        </div>
      </div>
    </div>
  </div>
  <div
    data-css-1ij5lym=""
  >
    <div
      data-css-91smc8=""
    >
      <div
        aria-hidden={true}
        data-css-79vgce=""
      >
        <img
          data-css-d7y6x2=""
          onError={[Function]}
          onLoad={[Function]}
          src="https://en.gravatar.com/userimage/8399312/b15448d840afacd0eb18102baf788255.jpeg?d=https%3A%2F%2Fs3-us-west-2.amazonaws.com%2Fps-cdn%2Fdesign-system%2Fassets%2Ftransparent.gif"
        />
        <div
          aria-label="Jake Trent"
          data-css-1h1qs66=""
          style={
            Object {
              "backgroundColor": "#7048C6",
            }
          }
        >
          J
        </div>
      </div>
      <div
        data-css-1yugolv=""
      >
        <div
          data-css-do8pgt=""
        >
          Jake Trent
        </div>
        <div
          data-css-15upnfy=""
        />
      </div>
    </div>
  </div>
  <div
    data-css-1ij5lym=""
  >
    <div
      data-css-91smc8=""
    >
      <div
        aria-hidden={true}
        data-css-79vgce=""
      >
        <img
          data-css-d7y6x2=""
          onError={[Function]}
          onLoad={[Function]}
          src="https://en.gravatar.com/userimage/8399312/b15448d840afacd0eb18102baf788255.jpeg?d=https%3A%2F%2Fs3-us-west-2.amazonaws.com%2Fps-cdn%2Fdesign-system%2Fassets%2Ftransparent.gif"
        />
        <div
          aria-label="Jake Trent"
          data-css-1h1qs66=""
          style={
            Object {
              "backgroundColor": "#7048C6",
            }
          }
        >
          J
        </div>
      </div>
      <div
        data-css-1yugolv=""
      >
        <div
          data-css-do8pgt=""
        >
          Jake Trent
        </div>
        <div
          data-css-15upnfy=""
        >
          Accenture
        </div>
      </div>
    </div>
  </div>
  <div
    data-css-1ij5lym=""
  >
    <a
      data-css-1xhohig=""
      href="https://jaketrent.com"
      name="Jake Trent"
    >
      <div
        aria-hidden={true}
        data-css-79vgce=""
      >
        <img
          data-css-d7y6x2=""
          onError={[Function]}
          onLoad={[Function]}
          src="https://en.gravatar.com/userimage/8399312/b15448d840afacd0eb18102baf788255.jpeg?d=https%3A%2F%2Fs3-us-west-2.amazonaws.com%2Fps-cdn%2Fdesign-system%2Fassets%2Ftransparent.gif"
        />
        <div
          aria-label="Jake Trent"
          data-css-1h1qs66=""
          style={
            Object {
              "backgroundColor": "#7048C6",
            }
          }
        >
          J
        </div>
      </div>
      <div
        data-css-1yugolv=""
      >
        <div
          data-css-do8pgt=""
        >
          Jake Trent
        </div>
        <div
          data-css-15upnfy=""
        >
          Accenture
        </div>
      </div>
    </a>
  </div>
  <div
    data-css-1ij5lym=""
  >
    <button
      data-css-1xhohig=""
      name="Jake Trent"
      onClick={[Function]}
    >
      <div
        aria-hidden={true}
        data-css-79vgce=""
      >
        <img
          data-css-d7y6x2=""
          onError={[Function]}
          onLoad={[Function]}
          src="https://en.gravatar.com/userimage/8399312/b15448d840afacd0eb18102baf788255.jpeg?d=https%3A%2F%2Fs3-us-west-2.amazonaws.com%2Fps-cdn%2Fdesign-system%2Fassets%2Ftransparent.gif"
        />
        <div
          aria-label="Jake Trent"
          data-css-1h1qs66=""
          style={
            Object {
              "backgroundColor": "#7048C6",
            }
          }
        >
          J
        </div>
      </div>
      <div
        data-css-1yugolv=""
      >
        <div
          data-css-do8pgt=""
        >
          Jake Trent
        </div>
        <div
          data-css-15upnfy=""
        >
          Accenture Company
        </div>
      </div>
    </button>
  </div>
</div>
`;
