// Jest Snapshot v1, https://goo.gl/fbAQLP

exports[`Storyshots NavItem TODO 1`] = `<div />`;
