// Jest Snapshot v1, https://goo.gl/fbAQLP

exports[`Storyshots Components/Field Text Input 1`] = `
<div
  data-css-1268me8=""
>
  <label
    data-css-1268me8=""
  >
    some name
  </label>
  <div
    data-css-uxzi0e=""
  >
    <div
      data-css-1268me8=""
    >
      <input
        data-css-1e4sodz=""
        type="text"
      />
    </div>
  </div>
  <div
    data-css-1268me8=""
  >
    hint text
  </div>
</div>
`;

exports[`Storyshots Components/Field/downshift/TagsInput Basic 1`] = `
Array [
  <div
    data-css-1268me8=""
  >
    <label
      data-css-1268me8=""
    >
      Select an option
    </label>
    <div
      data-css-uxzi0e=""
    >
      <div
        data-css-1djcb20=""
      >
        <div
          data-css-1dp4arf=""
          onClick={[Function]}
          onKeyDown={[Function]}
          role="button"
          tabIndex={0}
        >
          <span
            data-css-13bnfv4=""
          >
            Helium
          </span>
          <div
            data-css-1gzzcm2=""
            onClick={[Function]}
            style={
              Object {
                "cursor": "pointer",
              }
            }
          >
            <svg
              aria-label="close icon"
              role="img"
              viewBox="0 0 24 24"
            >
              <path
                d="M17.646 7.056l-.702-.702a.5.5 0 00-.708 0L12 10.59 7.764 6.354a.5.5 0 00-.708 0l-.702.702a.5.5 0 000 .708L10.59 12l-4.236 4.236a.5.5 0 000 .707l.702.703a.5.5 0 00.708 0L12 13.41l4.236 4.236a.5.5 0 00.708 0l.702-.703a.5.5 0 000-.707L13.41 12l4.236-4.236a.5.5 0 000-.708z"
              />
            </svg>
          </div>
        </div>
      </div>
      <div
        data-css-1268me8=""
      >
        <input
          data-css-1e4sodz=""
          onChange={[Function]}
          onClick={[Function]}
          onKeyDown={[Function]}
          type="text"
          value=""
        />
      </div>
    </div>
    <div
      data-css-1268me8=""
    >
      some hint text
    </div>
  </div>,
  <div
    style={
      Object {
        "border": "2px dashed pink",
        "margin": "20px 0",
        "maxHeight": 200,
        "overflow": "scroll",
        "padding": 20,
      }
    }
  >
    <ul>
      <li>
        <span>
          Hydrogen
           
        </span>
        <button
          onClick={[Function]}
        >
          add
        </button>
      </li>
      <li>
        <span>
          Lithium
           
        </span>
        <button
          onClick={[Function]}
        >
          add
        </button>
      </li>
      <li>
        <span>
          Beryllium
           
        </span>
        <button
          onClick={[Function]}
        >
          add
        </button>
      </li>
      <li>
        <span>
          Boron
           
        </span>
        <button
          onClick={[Function]}
        >
          add
        </button>
      </li>
      <li>
        <span>
          Carbon
           
        </span>
        <button
          onClick={[Function]}
        >
          add
        </button>
      </li>
      <li>
        <span>
          Nitrogren
           
        </span>
        <button
          onClick={[Function]}
        >
          add
        </button>
      </li>
      <li>
        <span>
          Oxygen
           
        </span>
        <button
          onClick={[Function]}
        >
          add
        </button>
      </li>
      <li>
        <span>
          Fluorine
           
        </span>
        <button
          onClick={[Function]}
        >
          add
        </button>
      </li>
      <li>
        <span>
          Neon
           
        </span>
        <button
          onClick={[Function]}
        >
          add
        </button>
      </li>
      <li>
        <span>
          Sodium
           
        </span>
        <button
          onClick={[Function]}
        >
          add
        </button>
      </li>
      <li>
        <span>
          Magnesium
           
        </span>
        <button
          onClick={[Function]}
        >
          add
        </button>
      </li>
      <li>
        <span>
          Aluminum
           
        </span>
        <button
          onClick={[Function]}
        >
          add
        </button>
      </li>
      <li>
        <span>
          Silicon
           
        </span>
        <button
          onClick={[Function]}
        >
          add
        </button>
      </li>
      <li>
        <span>
          Phosphorus
           
        </span>
        <button
          onClick={[Function]}
        >
          add
        </button>
      </li>
      <li>
        <span>
          Sulfur
           
        </span>
        <button
          onClick={[Function]}
        >
          add
        </button>
      </li>
      <li>
        <span>
          Chlorine
           
        </span>
        <button
          onClick={[Function]}
        >
          add
        </button>
      </li>
      <li>
        <span>
          Argon
           
        </span>
        <button
          onClick={[Function]}
        >
          add
        </button>
      </li>
      <li>
        <span>
          Potassium
           
        </span>
        <button
          onClick={[Function]}
        >
          add
        </button>
      </li>
      <li>
        <span>
          Calcium
           
        </span>
        <button
          onClick={[Function]}
        >
          add
        </button>
      </li>
      <li>
        <span>
          Scandium
           
        </span>
        <button
          onClick={[Function]}
        >
          add
        </button>
      </li>
      <li>
        <span>
          Titanium
           
        </span>
        <button
          onClick={[Function]}
        >
          add
        </button>
      </li>
      <li>
        <span>
          Vanadium
           
        </span>
        <button
          onClick={[Function]}
        >
          add
        </button>
      </li>
      <li>
        <span>
          Chromium
           
        </span>
        <button
          onClick={[Function]}
        >
          add
        </button>
      </li>
      <li>
        <span>
          Manganese
           
        </span>
        <button
          onClick={[Function]}
        >
          add
        </button>
      </li>
      <li>
        <span>
          Iron
           
        </span>
        <button
          onClick={[Function]}
        >
          add
        </button>
      </li>
      <li>
        <span>
          Cobalt
           
        </span>
        <button
          onClick={[Function]}
        >
          add
        </button>
      </li>
      <li>
        <span>
          Nickel
           
        </span>
        <button
          onClick={[Function]}
        >
          add
        </button>
      </li>
      <li>
        <span>
          Copper
           
        </span>
        <button
          onClick={[Function]}
        >
          add
        </button>
      </li>
      <li>
        <span>
          Zinc
           
        </span>
        <button
          onClick={[Function]}
        >
          add
        </button>
      </li>
      <li>
        <span>
          Gallium
           
        </span>
        <button
          onClick={[Function]}
        >
          add
        </button>
      </li>
      <li>
        <span>
          Germanium
           
        </span>
        <button
          onClick={[Function]}
        >
          add
        </button>
      </li>
      <li>
        <span>
          Arsenic
           
        </span>
        <button
          onClick={[Function]}
        >
          add
        </button>
      </li>
      <li>
        <span>
          Selenium
           
        </span>
        <button
          onClick={[Function]}
        >
          add
        </button>
      </li>
      <li>
        <span>
          Bromine
           
        </span>
        <button
          onClick={[Function]}
        >
          add
        </button>
      </li>
      <li>
        <span>
          Krypton
           
        </span>
        <button
          onClick={[Function]}
        >
          add
        </button>
      </li>
      <li>
        <span>
          Rubidium
           
        </span>
        <button
          onClick={[Function]}
        >
          add
        </button>
      </li>
      <li>
        <span>
          Strontium
           
        </span>
        <button
          onClick={[Function]}
        >
          add
        </button>
      </li>
      <li>
        <span>
          Yttrium
           
        </span>
        <button
          onClick={[Function]}
        >
          add
        </button>
      </li>
      <li>
        <span>
          Zirconium
           
        </span>
        <button
          onClick={[Function]}
        >
          add
        </button>
      </li>
    </ul>
  </div>,
]
`;
